[25-Jan-2026 11:18:22 Europe/Budapest] LogicException: The hook update_dependencies on class Drupal\webform\Hook\WebformInstallUpdateHooks does not support attributes and must remain procedural. in /var/www/html/web/core/lib/Drupal/Core/Hook/HookCollectorPass.php on line 679 #0 /var/www/html/web/core/lib/Drupal/Core/Hook/HookCollectorPass.php(489): Drupal\Core\Hook\HookCollectorPass::checkForProceduralOnlyHooks()
#1 /var/www/html/web/core/lib/Drupal/Core/Hook/HookCollectorPass.php(411): Drupal\Core\Hook\HookCollectorPass->collectModuleHookImplementations()
#2 /var/www/html/web/core/lib/Drupal/Core/Hook/HookCollectorPass.php(148): Drupal\Core\Hook\HookCollectorPass::collectAllHookImplementations()
#3 /var/www/html/vendor/symfony/dependency-injection/Compiler/Compiler.php(73): Drupal\Core\Hook\HookCollectorPass->process()
#4 /var/www/html/vendor/symfony/dependency-injection/ContainerBuilder.php(820): Symfony\Component\DependencyInjection\Compiler\Compiler->compile()
#5 /var/www/html/web/core/lib/Drupal/Core/DrupalKernel.php(1519): Symfony\Component\DependencyInjection\ContainerBuilder->compile()
#6 /var/www/html/web/core/lib/Drupal/Core/DrupalKernel.php(1028): Drupal\Core\DrupalKernel->compileContainer()
#7 /var/www/html/web/core/lib/Drupal/Core/DrupalKernel.php(524): Drupal\Core\DrupalKernel->initializeContainer()
#8 /var/www/html/web/core/lib/Drupal/Core/DrupalKernel.php(743): Drupal\Core\DrupalKernel->boot()
#9 /var/www/html/web/index.php(19): Drupal\Core\DrupalKernel->handle()
#10 {main}
[25-Jan-2026 11:18:22 Europe/Budapest] LogicException: The hook update_dependencies on class Drupal\webform\Hook\WebformInstallUpdateHooks does not support attributes and must remain procedural. in /var/www/html/web/core/lib/Drupal/Core/Hook/HookCollectorPass.php on line 679 #0 /var/www/html/web/core/lib/Drupal/Core/Hook/HookCollectorPass.php(489): Drupal\Core\Hook\HookCollectorPass::checkForProceduralOnlyHooks()
#1 /var/www/html/web/core/lib/Drupal/Core/Hook/HookCollectorPass.php(411): Drupal\Core\Hook\HookCollectorPass->collectModuleHookImplementations()
#2 /var/www/html/web/core/lib/Drupal/Core/Hook/HookCollectorPass.php(148): Drupal\Core\Hook\HookCollectorPass::collectAllHookImplementations()
#3 /var/www/html/vendor/symfony/dependency-injection/Compiler/Compiler.php(73): Drupal\Core\Hook\HookCollectorPass->process()
#4 /var/www/html/vendor/symfony/dependency-injection/ContainerBuilder.php(820): Symfony\Component\DependencyInjection\Compiler\Compiler->compile()
#5 /var/www/html/web/core/lib/Drupal/Core/DrupalKernel.php(1519): Symfony\Component\DependencyInjection\ContainerBuilder->compile()
#6 /var/www/html/web/core/lib/Drupal/Core/DrupalKernel.php(1028): Drupal\Core\DrupalKernel->compileContainer()
#7 /var/www/html/web/core/lib/Drupal/Core/DrupalKernel.php(524): Drupal\Core\DrupalKernel->initializeContainer()
#8 /var/www/html/web/core/lib/Drupal/Core/DrupalKernel.php(743): Drupal\Core\DrupalKernel->boot()
#9 /var/www/html/web/index.php(19): Drupal\Core\DrupalKernel->handle()
#10 {main}
